<html>
<body>
<pre>
<h1>µVision Build Log</h1>
<h2>Tool Versions:</h2>
IDE-Version: ¦ÌVision V5.35.0.0
Copyright (C) 2021 ARM Ltd and ARM Germany GmbH. All rights reserved.
License Information: d x, Zeeman Technology, Inc., LIC=MPPLD-8BU9Z-UHQ8H-WQDW5-LX2RW-L0U2M
 
Tool Versions:
Toolchain:       MDK-ARM Plus  Version: 5.35.0.2
Toolchain Path:  C:\Keil\ARM\ARMCLANG\Bin
C Compiler:      ArmClang.exe V6.16
Assembler:       Armasm.exe V6.16
Linker/Locator:  ArmLink.exe V6.16
Library Manager: ArmAr.exe V6.16
Hex Converter:   FromElf.exe V6.16
CPU DLL:         SARMCM3.DLL V5.35.0.2
Dialog DLL:      DCM.DLL V1.17.3.0
Target DLL:      Segger\JL2CM3.dll V2.99.40.0
Dialog DLL:      TCM.DLL V1.53.0.0
 
<h2>Project:</h2>
D:\2021Projects\Signaler\stm32cubemx\mx\MDK-ARM\mx.uvprojx
Project File Date:  09/16/2021

<h2>Output:</h2>
*** Using Compiler 'V6.16', folder: 'C:\Keil\ARM\ARMCLANG\Bin'
Build target 'mx'
compiling stm32l1xx_hal_msp.c...
assembling startup_stm32l152xb.s...
compiling main.c...
compiling stm32l1xx_it.c...
compiling stm32l1xx_hal_tim_ex.c...
compiling stm32l1xx_hal_tim.c...
compiling stm32l1xx_hal.c...
compiling stm32l1xx_hal_rcc.c...
compiling stm32l1xx_hal_rcc_ex.c...
compiling stm32l1xx_hal_flash.c...
compiling stm32l1xx_hal_flash_ex.c...
compiling stm32l1xx_hal_flash_ramfunc.c...
compiling stm32l1xx_hal_gpio.c...
compiling stm32l1xx_hal_dma.c...
compiling stm32l1xx_hal_pwr.c...
compiling stm32l1xx_hal_pwr_ex.c...
compiling stm32l1xx_hal_cortex.c...
compiling stm32l1xx_hal_exti.c...
compiling system_stm32l1xx.c...
linking...
Program Size: Code=3548 RO-data=304 RW-data=12 ZI-data=1644  
FromELF: creating hex file...
"mx\mx.axf" - 0 Error(s), 0 Warning(s).

<h2>Software Packages used:</h2>

Package Vendor: ARM
                http://www.keil.com/pack/ARM.CMSIS.5.8.0.pack
                ARM.CMSIS.5.8.0
                CMSIS (Common Microcontroller Software Interface Standard)
   * Component: CORE Version: 5.5.0

Package Vendor: Keil
                http://www.keil.com/pack/Keil.STM32L1xx_DFP.1.3.0.pack
                Keil.STM32L1xx_DFP.1.3.0
                STMicroelectronics STM32L1 Series Device Support and Examples

<h2>Collection of Component include folders:</h2>
  .\RTE\_mx
  C:\Keil\ARM\PACK\ARM\CMSIS\5.8.0\CMSIS\Core\Include
  C:\Keil\ARM\PACK\Keil\STM32L1xx_DFP\1.3.0\Drivers\CMSIS\Device\ST\STM32L1xx\Include

<h2>Collection of Component Files used:</h2>

   * Component: ARM::CMSIS:CORE:5.5.0
      Include file:  CMSIS\Core\Include\tz_context.h
Build Time Elapsed:  00:00:02
</pre>
</body>
</html>
